nohup: ignoring input

  .   ____          _            __ _ _
 /\\ / ___'_ __ _ _(_)_ __  __ _ \ \ \ \
( ( )\___ | '_ | '_| | '_ \/ _` | \ \ \ \
 \\/  ___)| |_)| | | | | || (_| |  ) ) ) )
  '  |____| .__|_| |_|_| |_\__, | / / / /
 =========|_|==============|___/=/_/_/_/
 :: Spring Boot ::                (v3.2.6)

2025-12-07T07:34:09.920Z  INFO 17230 --- [           main] c.e.backend.AdvanceOopTestsApplication   : Starting AdvanceOopTestsApplication v0.0.1-SNAPSHOT using Java 17.0.17 with PID 17230 (/workspaces/advance-oop-tests/backend/target/backend-0.0.1-SNAPSHOT.jar started by vscode in /workspaces/advance-oop-tests/backend)
2025-12-07T07:34:09.931Z  INFO 17230 --- [           main] c.e.backend.AdvanceOopTestsApplication   : No active profile set, falling back to 1 default profile: "default"
2025-12-07T07:34:11.714Z  INFO 17230 --- [           main] o.s.b.w.embedded.tomcat.TomcatWebServer  : Tomcat initialized with port 8080 (http)
2025-12-07T07:34:11.737Z  INFO 17230 --- [           main] o.apache.catalina.core.StandardService   : Starting service [Tomcat]
2025-12-07T07:34:11.737Z  INFO 17230 --- [           main] o.apache.catalina.core.StandardEngine    : Starting Servlet engine: [Apache Tomcat/10.1.24]
2025-12-07T07:34:11.789Z  INFO 17230 --- [           main] o.a.c.c.C.[Tomcat].[localhost].[/]       : Initializing Spring embedded WebApplicationContext
2025-12-07T07:34:11.791Z  INFO 17230 --- [           main] w.s.c.ServletWebServerApplicationContext : Root WebApplicationContext: initialization completed in 1709 ms
2025-12-07T07:34:11.932Z  INFO 17230 --- [           main] com.zaxxer.hikari.HikariDataSource       : HikariPool-1 - Starting...
2025-12-07T07:34:12.043Z  INFO 17230 --- [           main] com.zaxxer.hikari.pool.HikariPool        : HikariPool-1 - Added connection org.sqlite.jdbc4.JDBC4Connection@6f94a5a5
2025-12-07T07:34:12.046Z  INFO 17230 --- [           main] com.zaxxer.hikari.HikariDataSource       : HikariPool-1 - Start completed.
2025-12-07T07:34:12.210Z  INFO 17230 --- [           main] o.s.b.a.w.s.WelcomePageHandlerMapping    : Adding welcome page: class path resource [static/index.html]
2025-12-07T07:34:12.620Z  INFO 17230 --- [           main] o.s.b.w.embedded.tomcat.TomcatWebServer  : Tomcat started on port 8080 (http) with context path ''
2025-12-07T07:34:12.644Z  INFO 17230 --- [           main] c.e.backend.AdvanceOopTestsApplication   : Started AdvanceOopTestsApplication in 3.544 seconds (process running for 4.537)
2025-12-07T07:34:21.079Z  INFO 17230 --- [nio-8080-exec-1] o.a.c.c.C.[Tomcat].[localhost].[/]       : Initializing Spring DispatcherServlet 'dispatcherServlet'
2025-12-07T07:34:21.079Z  INFO 17230 --- [nio-8080-exec-1] o.s.web.servlet.DispatcherServlet        : Initializing Servlet 'dispatcherServlet'
2025-12-07T07:34:21.080Z  INFO 17230 --- [nio-8080-exec-1] o.s.web.servlet.DispatcherServlet        : Completed initialization in 1 ms
